// Jest Snapshot v1, https://goo.gl/fbAQLP

exports[`Expandedcard should match snapshot 1`] = `ShallowWrapper {}`;
